Archive member included to satisfy reference by file (symbol)

c:/st/stm32cubeide_1.10.1/stm32cubeide/plugins/com.st.stm32cube.ide.mcu.externaltools.gnu-tools-for-stm32.10.3-2021.10.win32_1.0.200.202301161003/tools/bin/../lib/gcc/arm-none-eabi/10.3.1/../../../../arm-none-eabi/lib/thumb/v7e-m+fp/hard\libc_nano.a(lib_a-errno.o)
                              ./Core/Src/syscalls.o (__errno)
c:/st/stm32cubeide_1.10.1/stm32cubeide/plugins/com.st.stm32cube.ide.mcu.externaltools.gnu-tools-for-stm32.10.3-2021.10.win32_1.0.200.202301161003/tools/bin/../lib/gcc/arm-none-eabi/10.3.1/../../../../arm-none-eabi/lib/thumb/v7e-m+fp/hard\libc_nano.a(lib_a-exit.o)
                              c:/st/stm32cubeide_1.10.1/stm32cubeide/plugins/com.st.stm32cube.ide.mcu.externaltools.gnu-tools-for-stm32.10.3-2021.10.win32_1.0.200.202301161003/tools/bin/../lib/gcc/arm-none-eabi/10.3.1/../../../../arm-none-eabi/lib/thumb/v7e-m+fp/hard/crt0.o (exit)
c:/st/stm32cubeide_1.10.1/stm32cubeide/plugins/com.st.stm32cube.ide.mcu.externaltools.gnu-tools-for-stm32.10.3-2021.10.win32_1.0.200.202301161003/tools/bin/../lib/gcc/arm-none-eabi/10.3.1/../../../../arm-none-eabi/lib/thumb/v7e-m+fp/hard\libc_nano.a(lib_a-impure.o)
                              c:/st/stm32cubeide_1.10.1/stm32cubeide/plugins/com.st.stm32cube.ide.mcu.externaltools.gnu-tools-for-stm32.10.3-2021.10.win32_1.0.200.202301161003/tools/bin/../lib/gcc/arm-none-eabi/10.3.1/../../../../arm-none-eabi/lib/thumb/v7e-m+fp/hard\libc_nano.a(lib_a-exit.o) (_global_impure_ptr)
c:/st/stm32cubeide_1.10.1/stm32cubeide/plugins/com.st.stm32cube.ide.mcu.externaltools.gnu-tools-for-stm32.10.3-2021.10.win32_1.0.200.202301161003/tools/bin/../lib/gcc/arm-none-eabi/10.3.1/../../../../arm-none-eabi/lib/thumb/v7e-m+fp/hard\libc_nano.a(lib_a-init.o)
                              c:/st/stm32cubeide_1.10.1/stm32cubeide/plugins/com.st.stm32cube.ide.mcu.externaltools.gnu-tools-for-stm32.10.3-2021.10.win32_1.0.200.202301161003/tools/bin/../lib/gcc/arm-none-eabi/10.3.1/../../../../arm-none-eabi/lib/thumb/v7e-m+fp/hard/crt0.o (__libc_init_array)
c:/st/stm32cubeide_1.10.1/stm32cubeide/plugins/com.st.stm32cube.ide.mcu.externaltools.gnu-tools-for-stm32.10.3-2021.10.win32_1.0.200.202301161003/tools/bin/../lib/gcc/arm-none-eabi/10.3.1/../../../../arm-none-eabi/lib/thumb/v7e-m+fp/hard\libc_nano.a(lib_a-memset.o)
                              c:/st/stm32cubeide_1.10.1/stm32cubeide/plugins/com.st.stm32cube.ide.mcu.externaltools.gnu-tools-for-stm32.10.3-2021.10.win32_1.0.200.202301161003/tools/bin/../lib/gcc/arm-none-eabi/10.3.1/../../../../arm-none-eabi/lib/thumb/v7e-m+fp/hard/crt0.o (memset)
c:/st/stm32cubeide_1.10.1/stm32cubeide/plugins/com.st.stm32cube.ide.mcu.externaltools.gnu-tools-for-stm32.10.3-2021.10.win32_1.0.200.202301161003/tools/bin/../lib/gcc/arm-none-eabi/10.3.1/thumb/v7e-m+fp/hard\libgcc.a(_aeabi_uldivmod.o)
                              ./Drivers/STM32F4xx_HAL_Driver/Src/stm32f4xx_hal_rcc.o (__aeabi_uldivmod)
c:/st/stm32cubeide_1.10.1/stm32cubeide/plugins/com.st.stm32cube.ide.mcu.externaltools.gnu-tools-for-stm32.10.3-2021.10.win32_1.0.200.202301161003/tools/bin/../lib/gcc/arm-none-eabi/10.3.1/thumb/v7e-m+fp/hard\libgcc.a(_udivmoddi4.o)
                              c:/st/stm32cubeide_1.10.1/stm32cubeide/plugins/com.st.stm32cube.ide.mcu.externaltools.gnu-tools-for-stm32.10.3-2021.10.win32_1.0.200.202301161003/tools/bin/../lib/gcc/arm-none-eabi/10.3.1/thumb/v7e-m+fp/hard\libgcc.a(_aeabi_uldivmod.o) (__udivmoddi4)
c:/st/stm32cubeide_1.10.1/stm32cubeide/plugins/com.st.stm32cube.ide.mcu.externaltools.gnu-tools-for-stm32.10.3-2021.10.win32_1.0.200.202301161003/tools/bin/../lib/gcc/arm-none-eabi/10.3.1/thumb/v7e-m+fp/hard\libgcc.a(_dvmd_tls.o)
                              c:/st/stm32cubeide_1.10.1/stm32cubeide/plugins/com.st.stm32cube.ide.mcu.externaltools.gnu-tools-for-stm32.10.3-2021.10.win32_1.0.200.202301161003/tools/bin/../lib/gcc/arm-none-eabi/10.3.1/thumb/v7e-m+fp/hard\libgcc.a(_aeabi_uldivmod.o) (__aeabi_ldiv0)

Discarded input sections

 .text          0x0000000000000000        0x0 c:/st/stm32cubeide_1.10.1/stm32cubeide/plugins/com.st.stm32cube.ide.mcu.externaltools.gnu-tools-for-stm32.10.3-2021.10.win32_1.0.200.202301161003/tools/bin/../lib/gcc/arm-none-eabi/10.3.1/thumb/v7e-m+fp/hard/crti.o
 .data          0x0000000000000000        0x0 c:/st/stm32cubeide_1.10.1/stm32cubeide/plugins/com.st.stm32cube.ide.mcu.externaltools.gnu-tools-for-stm32.10.3-2021.10.win32_1.0.200.202301161003/tools/bin/../lib/gcc/arm-none-eabi/10.3.1/thumb/v7e-m+fp/hard/crti.o
 .bss           0x0000000000000000        0x0 c:/st/stm32cubeide_1.10.1/stm32cubeide/plugins/com.st.stm32cube.ide.mcu.externaltools.gnu-tools-for-stm32.10.3-2021.10.win32_1.0.200.202301161003/tools/bin/../lib/gcc/arm-none-eabi/10.3.1/thumb/v7e-m+fp/hard/crti.o
[...]
Memory Configuration

Name             Origin             Length             Attributes
RAM              0x0000000020000000 0x0000000000018000 xrw
FLASH            0x0000000008000000 0x0000000000080000 xr
*default*        0x0000000000000000 0xffffffffffffffff

Linker script and memory map

LOAD c:/st/stm32cubeide_1.10.1/stm32cubeide/plugins/com.st.stm32cube.ide.mcu.externaltools.gnu-tools-for-stm32.10.3-2021.10.win32_1.0.200.202301161003/tools/bin/../lib/gcc/arm-none-eabi/10.3.1/thumb/v7e-m+fp/hard/crti.o
LOAD c:/st/stm32cubeide_1.10.1/stm32cubeide/plugins/com.st.stm32cube.ide.mcu.externaltools.gnu-tools-for-stm32.10.3-2021.10.win32_1.0.200.202301161003/tools/bin/../lib/gcc/arm-none-eabi/10.3.1/thumb/v7e-m+fp/hard/crtbegin.o
LOAD c:/st/stm32cubeide_1.10.1/stm32cubeide/plugins/com.st.stm32cube.ide.mcu.externaltools.gnu-tools-for-stm32.10.3-2021.10.win32_1.0.200.202301161003/tools/bin/../lib/gcc/arm-none-eabi/10.3.1/../../../../arm-none-eabi/lib/thumb/v7e-m+fp/hard/crt0.o
LOAD ./Core/Src/main.o
LOAD ./Core/Src/stm32f4xx_hal_msp.o
LOAD ./Core/Src/stm32f4xx_it.o
LOAD ./Core/Src/syscalls.o
LOAD ./Core/Src/sysmem.o
LOAD ./Core/Src/system_stm32f4xx.o
LOAD ./Core/Startup/startup_stm32f401retx.o
LOAD ./Drivers/STM32F4xx_HAL_Driver/Src/stm32f4xx_hal.o
LOAD ./Drivers/STM32F4xx_HAL_Driver/Src/stm32f4xx_hal_cortex.o
LOAD ./Drivers/STM32F4xx_HAL_Driver/Src/stm32f4xx_hal_dma.o
LOAD ./Drivers/STM32F4xx_HAL_Driver/Src/stm32f4xx_hal_dma_ex.o
LOAD ./Drivers/STM32F4xx_HAL_Driver/Src/stm32f4xx_hal_exti.o
LOAD ./Drivers/STM32F4xx_HAL_Driver/Src/stm32f4xx_hal_flash.o
LOAD ./Drivers/STM32F4xx_HAL_Driver/Src/stm32f4xx_hal_flash_ex.o
LOAD ./Drivers/STM32F4xx_HAL_Driver/Src/stm32f4xx_hal_flash_ramfunc.o
LOAD ./Drivers/STM32F4xx_HAL_Driver/Src/stm32f4xx_hal_gpio.o
LOAD ./Drivers/STM32F4xx_HAL_Driver/Src/stm32f4xx_hal_pwr.o
LOAD ./Drivers/STM32F4xx_HAL_Driver/Src/stm32f4xx_hal_pwr_ex.o
LOAD ./Drivers/STM32F4xx_HAL_Driver/Src/stm32f4xx_hal_rcc.o
LOAD ./Drivers/STM32F4xx_HAL_Driver/Src/stm32f4xx_hal_rcc_ex.o
LOAD ./Drivers/STM32F4xx_HAL_Driver/Src/stm32f4xx_hal_tim.o
LOAD ./Drivers/STM32F4xx_HAL_Driver/Src/stm32f4xx_hal_tim_ex.o
START GROUP
LOAD c:/st/stm32cubeide_1.10.1/stm32cubeide/plugins/com.st.stm32cube.ide.mcu.externaltools.gnu-tools-for-stm32.10.3-2021.10.win32_1.0.200.202301161003/tools/bin/../lib/gcc/arm-none-eabi/10.3.1/../../../../arm-none-eabi/lib/thumb/v7e-m+fp/hard\libc_nano.a
LOAD c:/st/stm32cubeide_1.10.1/stm32cubeide/plugins/com.st.stm32cube.ide.mcu.externaltools.gnu-tools-for-stm32.10.3-2021.10.win32_1.0.200.202301161003/tools/bin/../lib/gcc/arm-none-eabi/10.3.1/../../../../arm-none-eabi/lib/thumb/v7e-m+fp/hard\libm.a
END GROUP
START GROUP
LOAD c:/st/stm32cubeide_1.10.1/stm32cubeide/plugins/com.st.stm32cube.ide.mcu.externaltools.gnu-tools-for-stm32.10.3-2021.10.win32_1.0.200.202301161003/tools/bin/../lib/gcc/arm-none-eabi/10.3.1/thumb/v7e-m+fp/hard\libgcc.a
LOAD c:/st/stm32cubeide_1.10.1/stm32cubeide/plugins/com.st.stm32cube.ide.mcu.externaltools.gnu-tools-for-stm32.10.3-2021.10.win32_1.0.200.202301161003/tools/bin/../lib/gcc/arm-none-eabi/10.3.1/../../../../arm-none-eabi/lib/thumb/v7e-m+fp/hard\libc_nano.a
END GROUP
START GROUP
LOAD c:/st/stm32cubeide_1.10.1/stm32cubeide/plugins/com.st.stm32cube.ide.mcu.externaltools.gnu-tools-for-stm32.10.3-2021.10.win32_1.0.200.202301161003/tools/bin/../lib/gcc/arm-none-eabi/10.3.1/thumb/v7e-m+fp/hard\libgcc.a
LOAD c:/st/stm32cubeide_1.10.1/stm32cubeide/plugins/com.st.stm32cube.ide.mcu.externaltools.gnu-tools-for-stm32.10.3-2021.10.win32_1.0.200.202301161003/tools/bin/../lib/gcc/arm-none-eabi/10.3.1/../../../../arm-none-eabi/lib/thumb/v7e-m+fp/hard\libc_nano.a
LOAD c:/st/stm32cubeide_1.10.1/stm32cubeide/plugins/com.st.stm32cube.ide.mcu.externaltools.gnu-tools-for-stm32.10.3-2021.10.win32_1.0.200.202301161003/tools/bin/../lib/gcc/arm-none-eabi/10.3.1/../../../../arm-none-eabi/lib/thumb/v7e-m+fp/hard\libnosys.a
END GROUP
START GROUP
LOAD c:/st/stm32cubeide_1.10.1/stm32cubeide/plugins/com.st.stm32cube.ide.mcu.externaltools.gnu-tools-for-stm32.10.3-2021.10.win32_1.0.200.202301161003/tools/bin/../lib/gcc/arm-none-eabi/10.3.1/thumb/v7e-m+fp/hard\libgcc.a
LOAD c:/st/stm32cubeide_1.10.1/stm32cubeide/plugins/com.st.stm32cube.ide.mcu.externaltools.gnu-tools-for-stm32.10.3-2021.10.win32_1.0.200.202301161003/tools/bin/../lib/gcc/arm-none-eabi/10.3.1/../../../../arm-none-eabi/lib/thumb/v7e-m+fp/hard\libc_nano.a
LOAD c:/st/stm32cubeide_1.10.1/stm32cubeide/plugins/com.st.stm32cube.ide.mcu.externaltools.gnu-tools-for-stm32.10.3-2021.10.win32_1.0.200.202301161003/tools/bin/../lib/gcc/arm-none-eabi/10.3.1/../../../../arm-none-eabi/lib/thumb/v7e-m+fp/hard\libnosys.a
END GROUP
LOAD c:/st/stm32cubeide_1.10.1/stm32cubeide/plugins/com.st.stm32cube.ide.mcu.externaltools.gnu-tools-for-stm32.10.3-2021.10.win32_1.0.200.202301161003/tools/bin/../lib/gcc/arm-none-eabi/10.3.1/thumb/v7e-m+fp/hard/crtend.o
LOAD c:/st/stm32cubeide_1.10.1/stm32cubeide/plugins/com.st.stm32cube.ide.mcu.externaltools.gnu-tools-for-stm32.10.3-2021.10.win32_1.0.200.202301161003/tools/bin/../lib/gcc/arm-none-eabi/10.3.1/thumb/v7e-m+fp/hard/crtn.o
                0x0000000020018000                _estack = (ORIGIN (RAM) + LENGTH (RAM))
                0x0000000000000200                _Min_Heap_Size = 0x200
                0x0000000000000400                _Min_Stack_Size = 0x400

.isr_vector     0x0000000008000000      0x194
                0x0000000008000000                . = ALIGN (0x4)
 *(.isr_vector)
 .isr_vector    0x0000000008000000      0x194 ./Core/Startup/startup_stm32f401retx.o
                0x0000000008000000                g_pfnVectors
                0x0000000008000194                . = ALIGN (0x4)

.text           0x0000000008000194     0x1db0
                0x0000000008000194                . = ALIGN (0x4)
 *(.text)
 .text          0x0000000008000194       0x40 c:/st/stm32cubeide_1.10.1/stm32cubeide/plugins/com.st.stm32cube.ide.mcu.externaltools.gnu-tools-for-stm32.10.3-2021.10.win32_1.0.200.202301161003/tools/bin/../lib/gcc/arm-none-eabi/10.3.1/thumb/v7e-m+fp/hard/crtbegin.o
 .text          0x00000000080001d4       0x30 c:/st/stm32cubeide_1.10.1/stm32cubeide/plugins/com.st.stm32cube.ide.mcu.externaltools.gnu-tools-for-stm32.10.3-2021.10.win32_1.0.200.202301161003/tools/bin/../lib/gcc/arm-none-eabi/10.3.1/thumb/v7e-m+fp/hard\libgcc.a(_aeabi_uldivmod.o)
                0x00000000080001d4                __aeabi_uldivmod
 .text          0x0000000008000204      0x2d0 c:/st/stm32cubeide_1.10.1/stm32cubeide/plugins/com.st.stm32cube.ide.mcu.externaltools.gnu-tools-for-stm32.10.3-2021.10.win32_1.0.200.202301161003/tools/bin/../lib/gcc/arm-none-eabi/10.3.1/thumb/v7e-m+fp/hard\libgcc.a(_udivmoddi4.o)
                0x0000000008000204                __udivmoddi4
 .text          0x00000000080004d4        0x4 c:/st/stm32cubeide_1.10.1/stm32cubeide/plugins/com.st.stm32cube.ide.mcu.externaltools.gnu-tools-for-stm32.10.3-2021.10.win32_1.0.200.202301161003/tools/bin/../lib/gcc/arm-none-eabi/10.3.1/thumb/v7e-m+fp/hard\libgcc.a(_dvmd_tls.o)
                0x00000000080004d4                __aeabi_idiv0
                0x00000000080004d4                __aeabi_ldiv0
 *(.text*)
 .text.main     0x00000000080004d8       0x20 ./Core/Src/main.o
                0x00000000080004d8                main
 .text.HAL_GPIO_EXTI_Callback
                0x00000000080004f8      0x3f8 ./Core/Src/main.o
                0x00000000080004f8                HAL_GPIO_EXTI_Callback
 .text.displayNumber
                0x00000000080008f0      0x178 ./Core/Src/main.o
                0x00000000080008f0                displayNumber
 .text.setDisplay
                0x0000000008000a68      0x100 ./Core/Src/main.o
                0x0000000008000a68                setDisplay
 .text.SystemClock_Config
                0x0000000008000b68       0xd8 ./Core/Src/main.o
                0x0000000008000b68                SystemClock_Config
 .text.MX_GPIO_Init
                0x0000000008000c40      0x180 ./Core/Src/main.o
 .text.Error_Handler
                0x0000000008000dc0        0xa ./Core/Src/main.o
                0x0000000008000dc0                Error_Handler
 *fill*         0x0000000008000dca        0x2 
 .text.HAL_MspInit
                0x0000000008000dcc       0x50 ./Core/Src/stm32f4xx_hal_msp.o
                0x0000000008000dcc                HAL_MspInit
 .text.NMI_Handler
                0x0000000008000e1c        0x6 ./Core/Src/stm32f4xx_it.o
                0x0000000008000e1c                NMI_Handler
 .text.HardFault_Handler
                0x0000000008000e22        0x6 ./Core/Src/stm32f4xx_it.o
                0x0000000008000e22                HardFault_Handler
 .text.MemManage_Handler
                0x0000000008000e28        0x6 ./Core/Src/stm32f4xx_it.o
                0x0000000008000e28                MemManage_Handler
 .text.BusFault_Handler
                0x0000000008000e2e        0x6 ./Core/Src/stm32f4xx_it.o
                0x0000000008000e2e                BusFault_Handler
 .text.UsageFault_Handler
                0x0000000008000e34        0x6 ./Core/Src/stm32f4xx_it.o
                0x0000000008000e34                UsageFault_Handler
 .text.SVC_Handler
                0x0000000008000e3a        0xe ./Core/Src/stm32f4xx_it.o
                0x0000000008000e3a                SVC_Handler
 .text.DebugMon_Handler
                0x0000000008000e48        0xe ./Core/Src/stm32f4xx_it.o
                0x0000000008000e48                DebugMon_Handler
 .text.PendSV_Handler
                0x0000000008000e56        0xe ./Core/Src/stm32f4xx_it.o
                0x0000000008000e56                PendSV_Handler
 .text.SysTick_Handler
                0x0000000008000e64        0xc ./Core/Src/stm32f4xx_it.o
                0x0000000008000e64                SysTick_Handler
 .text.EXTI0_IRQHandler
                0x0000000008000e70        0xe ./Core/Src/stm32f4xx_it.o
                0x0000000008000e70                EXTI0_IRQHandler
 .text.EXTI1_IRQHandler
                0x0000000008000e7e        0xe ./Core/Src/stm32f4xx_it.o
                0x0000000008000e7e                EXTI1_IRQHandler
 .text.EXTI2_IRQHandler
                0x0000000008000e8c        0xe ./Core/Src/stm32f4xx_it.o
                0x0000000008000e8c                EXTI2_IRQHandler
 .text.EXTI3_IRQHandler
                0x0000000008000e9a        0xe ./Core/Src/stm32f4xx_it.o
                0x0000000008000e9a                EXTI3_IRQHandler
 .text.SystemInit
                0x0000000008000ea8       0x24 ./Core/Src/system_stm32f4xx.o
                0x0000000008000ea8                SystemInit
 .text.Reset_Handler
                0x0000000008000ecc       0x50 ./Core/Startup/startup_stm32f401retx.o
                0x0000000008000ecc                Reset_Handler
 .text.Default_Handler
                0x0000000008000f1c        0x2 ./Core/Startup/startup_stm32f401retx.o
                0x0000000008000f1c                RTC_Alarm_IRQHandler
                0x0000000008000f1c                SPI4_IRQHandler
                0x0000000008000f1c                TIM1_CC_IRQHandler
                0x0000000008000f1c                DMA2_Stream5_IRQHandler
                0x0000000008000f1c                DMA1_Stream5_IRQHandler
                0x0000000008000f1c                PVD_IRQHandler
                0x0000000008000f1c                SDIO_IRQHandler
                0x0000000008000f1c                TAMP_STAMP_IRQHandler
                0x0000000008000f1c                TIM1_UP_TIM10_IRQHandler
                0x0000000008000f1c                I2C3_ER_IRQHandler
                0x0000000008000f1c                I2C2_EV_IRQHandler
                0x0000000008000f1c                DMA1_Stream2_IRQHandler
                0x0000000008000f1c                FPU_IRQHandler
                0x0000000008000f1c                DMA2_Stream2_IRQHandler
                0x0000000008000f1c                SPI1_IRQHandler
                0x0000000008000f1c                TIM1_BRK_TIM9_IRQHandler
                0x0000000008000f1c                DMA2_Stream3_IRQHandler
                0x0000000008000f1c                USART6_IRQHandler
                0x0000000008000f1c                DMA2_Stream0_IRQHandler
                0x0000000008000f1c                TIM4_IRQHandler
                0x0000000008000f1c                I2C1_EV_IRQHandler
                0x0000000008000f1c                DMA1_Stream6_IRQHandler
                0x0000000008000f1c                DMA1_Stream1_IRQHandler
                0x0000000008000f1c                TIM3_IRQHandler
                0x0000000008000f1c                RCC_IRQHandler
                0x0000000008000f1c                Default_Handler
                0x0000000008000f1c                EXTI15_10_IRQHandler
                0x0000000008000f1c                ADC_IRQHandler
                0x0000000008000f1c                DMA1_Stream7_IRQHandler
                0x0000000008000f1c                TIM5_IRQHandler
                0x0000000008000f1c                DMA2_Stream7_IRQHandler
                0x0000000008000f1c                I2C3_EV_IRQHandler
                0x0000000008000f1c                EXTI9_5_IRQHandler
                0x0000000008000f1c                RTC_WKUP_IRQHandler
                0x0000000008000f1c                SPI2_IRQHandler
                0x0000000008000f1c                DMA1_Stream0_IRQHandler
                0x0000000008000f1c                EXTI4_IRQHandler
                0x0000000008000f1c                WWDG_IRQHandler
                0x0000000008000f1c                TIM2_IRQHandler
                0x0000000008000f1c                OTG_FS_WKUP_IRQHandler
                0x0000000008000f1c                TIM1_TRG_COM_TIM11_IRQHandler
                0x0000000008000f1c                USART2_IRQHandler
                0x0000000008000f1c                I2C2_ER_IRQHandler
                0x0000000008000f1c                DMA2_Stream1_IRQHandler
                0x0000000008000f1c                FLASH_IRQHandler
                0x0000000008000f1c                DMA2_Stream4_IRQHandler
                0x0000000008000f1c                USART1_IRQHandler
                0x0000000008000f1c                OTG_FS_IRQHandler
                0x0000000008000f1c                SPI3_IRQHandler
                0x0000000008000f1c                DMA1_Stream4_IRQHandler
                0x0000000008000f1c                I2C1_ER_IRQHandler
                0x0000000008000f1c                DMA2_Stream6_IRQHandler
                0x0000000008000f1c                DMA1_Stream3_IRQHandler
 *fill*         0x0000000008000f1e        0x2 
 .text.HAL_Init
                0x0000000008000f20       0x44 ./Drivers/STM32F4xx_HAL_Driver/Src/stm32f4xx_hal.o
                0x0000000008000f20                HAL_Init
 .text.HAL_InitTick
                0x0000000008000f64       0x60 ./Drivers/STM32F4xx_HAL_Driver/Src/stm32f4xx_hal.o
                0x0000000008000f64                HAL_InitTick
 .text.HAL_IncTick
                0x0000000008000fc4       0x28 ./Drivers/STM32F4xx_HAL_Driver/Src/stm32f4xx_hal.o
                0x0000000008000fc4                HAL_IncTick
 .text.HAL_GetTick
                0x0000000008000fec       0x18 ./Drivers/STM32F4xx_HAL_Driver/Src/stm32f4xx_hal.o
                0x0000000008000fec                HAL_GetTick
 .text.HAL_Delay
                0x0000000008001004       0x48 ./Drivers/STM32F4xx_HAL_Driver/Src/stm32f4xx_hal.o
                0x0000000008001004                HAL_Delay
 .text.__NVIC_SetPriorityGrouping
                0x000000000800104c       0x48 ./Drivers/STM32F4xx_HAL_Driver/Src/stm32f4xx_hal_cortex.o
 .text.__NVIC_GetPriorityGrouping
                0x0000000008001094       0x1c ./Drivers/STM32F4xx_HAL_Driver/Src/stm32f4xx_hal_cortex.o
 .text.__NVIC_EnableIRQ
                0x00000000080010b0       0x3c ./Drivers/STM32F4xx_HAL_Driver/Src/stm32f4xx_hal_cortex.o
 .text.__NVIC_SetPriority
                0x00000000080010ec       0x54 ./Drivers/STM32F4xx_HAL_Driver/Src/stm32f4xx_hal_cortex.o
 .text.NVIC_EncodePriority
                0x0000000008001140       0x66 ./Drivers/STM32F4xx_HAL_Driver/Src/stm32f4xx_hal_cortex.o
 *fill*         0x00000000080011a6        0x2 
 .text.SysTick_Config
                0x00000000080011a8       0x44 ./Drivers/STM32F4xx_HAL_Driver/Src/stm32f4xx_hal_cortex.o
 .text.HAL_NVIC_SetPriorityGrouping
                0x00000000080011ec       0x16 ./Drivers/STM32F4xx_HAL_Driver/Src/stm32f4xx_hal_cortex.o
                0x00000000080011ec                HAL_NVIC_SetPriorityGrouping
 .text.HAL_NVIC_SetPriority
                0x0000000008001202       0x38 ./Drivers/STM32F4xx_HAL_Driver/Src/stm32f4xx_hal_cortex.o
                0x0000000008001202                HAL_NVIC_SetPriority
 .text.HAL_NVIC_EnableIRQ
                0x000000000800123a       0x1c ./Drivers/STM32F4xx_HAL_Driver/Src/stm32f4xx_hal_cortex.o
                0x000000000800123a                HAL_NVIC_EnableIRQ
 .text.HAL_SYSTICK_Config
                0x0000000008001256       0x18 ./Drivers/STM32F4xx_HAL_Driver/Src/stm32f4xx_hal_cortex.o
                0x0000000008001256                HAL_SYSTICK_Config
 *fill*         0x000000000800126e        0x2 
 .text.HAL_GPIO_Init
                0x0000000008001270      0x308 ./Drivers/STM32F4xx_HAL_Driver/Src/stm32f4xx_hal_gpio.o
                0x0000000008001270                HAL_GPIO_Init
 .text.HAL_GPIO_ReadPin
                0x0000000008001578       0x30 ./Drivers/STM32F4xx_HAL_Driver/Src/stm32f4xx_hal_gpio.o
                0x0000000008001578                HAL_GPIO_ReadPin
 .text.HAL_GPIO_WritePin
                0x00000000080015a8       0x32 ./Drivers/STM32F4xx_HAL_Driver/Src/stm32f4xx_hal_gpio.o
                0x00000000080015a8                HAL_GPIO_WritePin
 *fill*         0x00000000080015da        0x2 
 .text.HAL_GPIO_EXTI_IRQHandler
                0x00000000080015dc       0x30 ./Drivers/STM32F4xx_HAL_Driver/Src/stm32f4xx_hal_gpio.o
                0x00000000080015dc                HAL_GPIO_EXTI_IRQHandler
 .text.HAL_RCC_OscConfig
                0x000000000800160c      0x4f0 ./Drivers/STM32F4xx_HAL_Driver/Src/stm32f4xx_hal_rcc.o
                0x000000000800160c                HAL_RCC_OscConfig
 .text.HAL_RCC_ClockConfig
                0x0000000008001afc      0x1cc ./Drivers/STM32F4xx_HAL_Driver/Src/stm32f4xx_hal_rcc.o
                0x0000000008001afc                HAL_RCC_ClockConfig
 .text.HAL_RCC_GetSysClockFreq
                0x0000000008001cc8      0x20c ./Drivers/STM32F4xx_HAL_Driver/Src/stm32f4xx_hal_rcc.o
                0x0000000008001cc8                HAL_RCC_GetSysClockFreq
 .text.__libc_init_array
                0x0000000008001ed4       0x48 c:/st/stm32cubeide_1.10.1/stm32cubeide/plugins/com.st.stm32cube.ide.mcu.externaltools.gnu-tools-for-stm32.10.3-2021.10.win32_1.0.200.202301161003/tools/bin/../lib/gcc/arm-none-eabi/10.3.1/../../../../arm-none-eabi/lib/thumb/v7e-m+fp/hard\libc_nano.a(lib_a-init.o)
                0x0000000008001ed4                __libc_init_array
 .text.memset   0x0000000008001f1c       0x10 c:/st/stm32cubeide_1.10.1/stm32cubeide/plugins/com.st.stm32cube.ide.mcu.externaltools.gnu-tools-for-stm32.10.3-2021.10.win32_1.0.200.202301161003/tools/bin/../lib/gcc/arm-none-eabi/10.3.1/../../../../arm-none-eabi/lib/thumb/v7e-m+fp/hard\libc_nano.a(lib_a-memset.o)
                0x0000000008001f1c                memset
 *(.glue_7)
 .glue_7        0x0000000008001f2c        0x0 linker stubs
 *(.glue_7t)
 .glue_7t       0x0000000008001f2c        0x0 linker stubs
 *(.eh_frame)
 .eh_frame      0x0000000008001f2c        0x0 c:/st/stm32cubeide_1.10.1/stm32cubeide/plugins/com.st.stm32cube.ide.mcu.externaltools.gnu-tools-for-stm32.10.3-2021.10.win32_1.0.200.202301161003/tools/bin/../lib/gcc/arm-none-eabi/10.3.1/thumb/v7e-m+fp/hard/crtbegin.o
 *(.init)
 .init          0x0000000008001f2c        0x4 c:/st/stm32cubeide_1.10.1/stm32cubeide/plugins/com.st.stm32cube.ide.mcu.externaltools.gnu-tools-for-stm32.10.3-2021.10.win32_1.0.200.202301161003/tools/bin/../lib/gcc/arm-none-eabi/10.3.1/thumb/v7e-m+fp/hard/crti.o
                0x0000000008001f2c                _init
 .init          0x0000000008001f30        0x8 c:/st/stm32cubeide_1.10.1/stm32cubeide/plugins/com.st.stm32cube.ide.mcu.externaltools.gnu-tools-for-stm32.10.3-2021.10.win32_1.0.200.202301161003/tools/bin/../lib/gcc/arm-none-eabi/10.3.1/thumb/v7e-m+fp/hard/crtn.o
 *(.fini)
 .fini          0x0000000008001f38        0x4 c:/st/stm32cubeide_1.10.1/stm32cubeide/plugins/com.st.stm32cube.ide.mcu.externaltools.gnu-tools-for-stm32.10.3-2021.10.win32_1.0.200.202301161003/tools/bin/../lib/gcc/arm-none-eabi/10.3.1/thumb/v7e-m+fp/hard/crti.o
                0x0000000008001f38                _fini
 .fini          0x0000000008001f3c        0x8 c:/st/stm32cubeide_1.10.1/stm32cubeide/plugins/com.st.stm32cube.ide.mcu.externaltools.gnu-tools-for-stm32.10.3-2021.10.win32_1.0.200.202301161003/tools/bin/../lib/gcc/arm-none-eabi/10.3.1/thumb/v7e-m+fp/hard/crtn.o
                0x0000000008001f44                . = ALIGN (0x4)
                0x0000000008001f44                _etext = .

.vfp11_veneer   0x0000000008001f44        0x0
 .vfp11_veneer  0x0000000008001f44        0x0 linker stubs

.v4_bx          0x0000000008001f44        0x0
 .v4_bx         0x0000000008001f44        0x0 linker stubs

.iplt           0x0000000008001f44        0x0
 .iplt          0x0000000008001f44        0x0 c:/st/stm32cubeide_1.10.1/stm32cubeide/plugins/com.st.stm32cube.ide.mcu.externaltools.gnu-tools-for-stm32.10.3-2021.10.win32_1.0.200.202301161003/tools/bin/../lib/gcc/arm-none-eabi/10.3.1/thumb/v7e-m+fp/hard/crtbegin.o

.rodata         0x0000000008001f44       0x10
                0x0000000008001f44                . = ALIGN (0x4)
 *(.rodata)
 *(.rodata*)
 .rodata.AHBPrescTable
                0x0000000008001f44       0x10 ./Core/Src/system_stm32f4xx.o
                0x0000000008001f44                AHBPrescTable
                0x0000000008001f54                . = ALIGN (0x4)

.ARM.extab      0x0000000008001f54        0x0
                0x0000000008001f54                . = ALIGN (0x4)
 *(.ARM.extab* .gnu.linkonce.armextab.*)
                0x0000000008001f54                . = ALIGN (0x4)

.ARM            0x0000000008001f54        0x8
                0x0000000008001f54                . = ALIGN (0x4)
                0x0000000008001f54                __exidx_start = .
 *(.ARM.exidx*)
 .ARM.exidx     0x0000000008001f54        0x8 c:/st/stm32cubeide_1.10.1/stm32cubeide/plugins/com.st.stm32cube.ide.mcu.externaltools.gnu-tools-for-stm32.10.3-2021.10.win32_1.0.200.202301161003/tools/bin/../lib/gcc/arm-none-eabi/10.3.1/thumb/v7e-m+fp/hard\libgcc.a(_udivmoddi4.o)
                0x0000000008001f5c                __exidx_end = .
                0x0000000008001f5c                . = ALIGN (0x4)

.rel.dyn        0x0000000008001f5c        0x0
 .rel.iplt      0x0000000008001f5c        0x0 c:/st/stm32cubeide_1.10.1/stm32cubeide/plugins/com.st.stm32cube.ide.mcu.externaltools.gnu-tools-for-stm32.10.3-2021.10.win32_1.0.200.202301161003/tools/bin/../lib/gcc/arm-none-eabi/10.3.1/thumb/v7e-m+fp/hard/crtbegin.o

.preinit_array  0x0000000008001f5c        0x0
                0x0000000008001f5c                . = ALIGN (0x4)
                0x0000000008001f5c                PROVIDE (__preinit_array_start = .)
 *(.preinit_array*)
                0x0000000008001f5c                PROVIDE (__preinit_array_end = .)
                0x0000000008001f5c                . = ALIGN (0x4)

.init_array     0x0000000008001f5c        0x4
                0x0000000008001f5c                . = ALIGN (0x4)
                0x0000000008001f5c                PROVIDE (__init_array_start = .)
 *(SORT_BY_NAME(.init_array.*))
 *(.init_array*)
 .init_array    0x0000000008001f5c        0x4 c:/st/stm32cubeide_1.10.1/stm32cubeide/plugins/com.st.stm32cube.ide.mcu.externaltools.gnu-tools-for-stm32.10.3-2021.10.win32_1.0.200.202301161003/tools/bin/../lib/gcc/arm-none-eabi/10.3.1/thumb/v7e-m+fp/hard/crtbegin.o
                0x0000000008001f60                PROVIDE (__init_array_end = .)
                0x0000000008001f60                . = ALIGN (0x4)

.fini_array     0x0000000008001f60        0x4
                0x0000000008001f60                . = ALIGN (0x4)
                [!provide]                        PROVIDE (__fini_array_start = .)
 *(SORT_BY_NAME(.fini_array.*))
 *(.fini_array*)
 .fini_array    0x0000000008001f60        0x4 c:/st/stm32cubeide_1.10.1/stm32cubeide/plugins/com.st.stm32cube.ide.mcu.externaltools.gnu-tools-for-stm32.10.3-2021.10.win32_1.0.200.202301161003/tools/bin/../lib/gcc/arm-none-eabi/10.3.1/thumb/v7e-m+fp/hard/crtbegin.o
                [!provide]                        PROVIDE (__fini_array_end = .)
                0x0000000008001f64                . = ALIGN (0x4)
                0x0000000008001f64                _sidata = LOADADDR (.data)

.data           0x0000000020000000       0x50 load address 0x0000000008001f64
                0x0000000020000000                . = ALIGN (0x4)
                0x0000000020000000                _sdata = .
 *(.data)
 *(.data*)
 .data.D1       0x0000000020000000        0x4 ./Core/Src/main.o
                0x0000000020000000                D1
 .data.D2       0x0000000020000004        0x4 ./Core/Src/main.o
                0x0000000020000004                D2
 .data.D3       0x0000000020000008        0x4 ./Core/Src/main.o
                0x0000000020000008                D3
 .data.D4       0x000000002000000c        0x4 ./Core/Src/main.o
                0x000000002000000c                D4
 .data.D5       0x0000000020000010        0x4 ./Core/Src/main.o
                0x0000000020000010                D5
 .data.D6       0x0000000020000014        0x4 ./Core/Src/main.o
                0x0000000020000014                D6
 .data.D7       0x0000000020000018        0x4 ./Core/Src/main.o
                0x0000000020000018                D7
 .data.numeros  0x000000002000001c       0x28 ./Core/Src/main.o
                0x000000002000001c                numeros
 .data.SystemCoreClock
                0x0000000020000044        0x4 ./Core/Src/system_stm32f4xx.o
                0x0000000020000044                SystemCoreClock
 .data.uwTickPrio
                0x0000000020000048        0x4 ./Drivers/STM32F4xx_HAL_Driver/Src/stm32f4xx_hal.o
                0x0000000020000048                uwTickPrio
 .data.uwTickFreq
                0x000000002000004c        0x1 ./Drivers/STM32F4xx_HAL_Driver/Src/stm32f4xx_hal.o
                0x000000002000004c                uwTickFreq
 *(.RamFunc)
 *(.RamFunc*)
                0x0000000020000050                . = ALIGN (0x4)
 *fill*         0x000000002000004d        0x3 
                0x0000000020000050                _edata = .

.igot.plt       0x0000000020000050        0x0 load address 0x0000000008001fb4
 .igot.plt      0x0000000020000050        0x0 c:/st/stm32cubeide_1.10.1/stm32cubeide/plugins/com.st.stm32cube.ide.mcu.externaltools.gnu-tools-for-stm32.10.3-2021.10.win32_1.0.200.202301161003/tools/bin/../lib/gcc/arm-none-eabi/10.3.1/thumb/v7e-m+fp/hard/crtbegin.o
                0x0000000020000050                . = ALIGN (0x4)

.bss            0x0000000020000050       0x3c load address 0x0000000008001fb4
                0x0000000020000050                _sbss = .
                0x0000000020000050                __bss_start__ = _sbss
 *(.bss)
 .bss           0x0000000020000050       0x1c c:/st/stm32cubeide_1.10.1/stm32cubeide/plugins/com.st.stm32cube.ide.mcu.externaltools.gnu-tools-for-stm32.10.3-2021.10.win32_1.0.200.202301161003/tools/bin/../lib/gcc/arm-none-eabi/10.3.1/thumb/v7e-m+fp/hard/crtbegin.o
 *(.bss*)
 .bss.previousTime
                0x000000002000006c        0x4 ./Core/Src/main.o
                0x000000002000006c                previousTime
 .bss.currentTime
                0x0000000020000070        0x4 ./Core/Src/main.o
                0x0000000020000070                currentTime
 .bss.key       0x0000000020000074        0x4 ./Core/Src/main.o
                0x0000000020000074                key
 .bss.keyboardNumber
                0x0000000020000078        0x4 ./Core/Src/main.o
                0x0000000020000078                keyboardNumber
 .bss.total     0x000000002000007c        0x4 ./Core/Src/main.o
                0x000000002000007c                total
 .bss.operation
                0x0000000020000080        0x4 ./Core/Src/main.o
                0x0000000020000080                operation
 .bss.D8        0x0000000020000084        0x4 ./Core/Src/main.o
                0x0000000020000084                D8
 .bss.uwTick    0x0000000020000088        0x4 ./Drivers/STM32F4xx_HAL_Driver/Src/stm32f4xx_hal.o
                0x0000000020000088                uwTick
 *(COMMON)
                0x000000002000008c                . = ALIGN (0x4)
                0x000000002000008c                _ebss = .
                0x000000002000008c                __bss_end__ = _ebss

._user_heap_stack
                0x000000002000008c      0x604 load address 0x0000000008001fb4
                0x0000000020000090                . = ALIGN (0x8)
 *fill*         0x000000002000008c        0x4 
                [!provide]                        PROVIDE (end = .)
                0x0000000020000090                PROVIDE (_end = .)
                0x0000000020000290                . = (. + _Min_Heap_Size)
 *fill*         0x0000000020000090      0x200 
                0x0000000020000690                . = (. + _Min_Stack_Size)
 *fill*         0x0000000020000290      0x400 
                0x0000000020000690                . = ALIGN (0x8)

/DISCARD/
 libc.a(*)
 libm.a(*)
 libgcc.a(*)

.ARM.attributes
                0x0000000000000000       0x30
 *(.ARM.attributes)
 .ARM.attributes
                0x0000000000000000       0x1e c:/st/stm32cubeide_1.10.1/stm32cubeide/plugins/com.st.stm32cube.ide.mcu.externaltools.gnu-tools-for-stm32.10.3-2021.10.win32_1.0.200.202301161003/tools/bin/../lib/gcc/arm-none-eabi/10.3.1/thumb/v7e-m+fp/hard/crti.o
 .ARM.attributes
                0x000000000000001e       0x34 c:/st/stm32cubeide_1.10.1/stm32cubeide/plugins/com.st.stm32cube.ide.mcu.externaltools.gnu-tools-for-stm32.10.3-2021.10.win32_1.0.200.202301161003/tools/bin/../lib/gcc/arm-none-eabi/10.3.1/thumb/v7e-m+fp/hard/crtbegin.o
 .ARM.attributes
                0x0000000000000052       0x34 ./Core/Src/main.o
 .ARM.attributes
                0x0000000000000086       0x34 ./Core/Src/stm32f4xx_hal_msp.o
 .ARM.attributes
                0x00000000000000ba       0x34 ./Core/Src/stm32f4xx_it.o
 .ARM.attributes
                0x00000000000000ee       0x34 ./Core/Src/system_stm32f4xx.o
 .ARM.attributes
                0x0000000000000122       0x21 ./Core/Startup/startup_stm32f401retx.o
 .ARM.attributes
                0x0000000000000143       0x34 ./Drivers/STM32F4xx_HAL_Driver/Src/stm32f4xx_hal.o
 .ARM.attributes
                0x0000000000000177       0x34 ./Drivers/STM32F4xx_HAL_Driver/Src/stm32f4xx_hal_cortex.o
 .ARM.attributes
                0x00000000000001ab       0x34 ./Drivers/STM32F4xx_HAL_Driver/Src/stm32f4xx_hal_gpio.o
 .ARM.attributes
                0x00000000000001df       0x34 ./Drivers/STM32F4xx_HAL_Driver/Src/stm32f4xx_hal_rcc.o
 .ARM.attributes
                0x0000000000000213       0x34 c:/st/stm32cubeide_1.10.1/stm32cubeide/plugins/com.st.stm32cube.ide.mcu.externaltools.gnu-tools-for-stm32.10.3-2021.10.win32_1.0.200.202301161003/tools/bin/../lib/gcc/arm-none-eabi/10.3.1/../../../../arm-none-eabi/lib/thumb/v7e-m+fp/hard\libc_nano.a(lib_a-init.o)
 .ARM.attributes
                0x0000000000000247       0x34 c:/st/stm32cubeide_1.10.1/stm32cubeide/plugins/com.st.stm32cube.ide.mcu.externaltools.gnu-tools-for-stm32.10.3-2021.10.win32_1.0.200.202301161003/tools/bin/../lib/gcc/arm-none-eabi/10.3.1/../../../../arm-none-eabi/lib/thumb/v7e-m+fp/hard\libc_nano.a(lib_a-memset.o)
 .ARM.attributes
                0x000000000000027b       0x1e c:/st/stm32cubeide_1.10.1/stm32cubeide/plugins/com.st.stm32cube.ide.mcu.externaltools.gnu-tools-for-stm32.10.3-2021.10.win32_1.0.200.202301161003/tools/bin/../lib/gcc/arm-none-eabi/10.3.1/thumb/v7e-m+fp/hard\libgcc.a(_aeabi_uldivmod.o)
 .ARM.attributes
                0x0000000000000299       0x34 c:/st/stm32cubeide_1.10.1/stm32cubeide/plugins/com.st.stm32cube.ide.mcu.externaltools.gnu-tools-for-stm32.10.3-2021.10.win32_1.0.200.202301161003/tools/bin/../lib/gcc/arm-none-eabi/10.3.1/thumb/v7e-m+fp/hard\libgcc.a(_udivmoddi4.o)
 .ARM.attributes
                0x00000000000002cd       0x1e c:/st/stm32cubeide_1.10.1/stm32cubeide/plugins/com.st.stm32cube.ide.mcu.externaltools.gnu-tools-for-stm32.10.3-2021.10.win32_1.0.200.202301161003/tools/bin/../lib/gcc/arm-none-eabi/10.3.1/thumb/v7e-m+fp/hard\libgcc.a(_dvmd_tls.o)
 .ARM.attributes
                0x00000000000002eb       0x1e c:/st/stm32cubeide_1.10.1/stm32cubeide/plugins/com.st.stm32cube.ide.mcu.externaltools.gnu-tools-for-stm32.10.3-2021.10.win32_1.0.200.202301161003/tools/bin/../lib/gcc/arm-none-eabi/10.3.1/thumb/v7e-m+fp/hard/crtn.o
OUTPUT(Project-6-Calculator.elf elf32-littlearm)
LOAD linker stubs
LOAD c:/st/stm32cubeide_1.10.1/stm32cubeide/plugins/com.st.stm32cube.ide.mcu.externaltools.gnu-tools-for-stm32.10.3-2021.10.win32_1.0.200.202301161003/tools/bin/../lib/gcc/arm-none-eabi/10.3.1/../../../../arm-none-eabi/lib/thumb/v7e-m+fp/hard\libc.a
LOAD c:/st/stm32cubeide_1.10.1/stm32cubeide/plugins/com.st.stm32cube.ide.mcu.externaltools.gnu-tools-for-stm32.10.3-2021.10.win32_1.0.200.202301161003/tools/bin/../lib/gcc/arm-none-eabi/10.3.1/../../../../arm-none-eabi/lib/thumb/v7e-m+fp/hard\libm.a
LOAD c:/st/stm32cubeide_1.10.1/stm32cubeide/plugins/com.st.stm32cube.ide.mcu.externaltools.gnu-tools-for-stm32.10.3-2021.10.win32_1.0.200.202301161003/tools/bin/../lib/gcc/arm-none-eabi/10.3.1/thumb/v7e-m+fp/hard\libgcc.a

.debug_info     0x0000000000000000     0x3d4f
 .debug_info    0x0000000000000000      0xbbf ./Core/Src/main.o
 .debug_info    0x0000000000000bbf      0x2e7 ./Core/Src/stm32f4xx_hal_msp.o
 .debug_info    0x0000000000000ea6      0x193 ./Core/Src/stm32f4xx_it.o
 .debug_info    0x0000000000001039      0x54f ./Core/Src/system_stm32f4xx.o
 .debug_info    0x0000000000001588       0x22 ./Core/Startup/startup_stm32f401retx.o
 .debug_info    0x00000000000015aa      0x906 ./Drivers/STM32F4xx_HAL_Driver/Src/stm32f4xx_hal.o
 .debug_info    0x0000000000001eb0      0xd85 ./Drivers/STM32F4xx_HAL_Driver/Src/stm32f4xx_hal_cortex.o
 .debug_info    0x0000000000002c35      0x78e ./Drivers/STM32F4xx_HAL_Driver/Src/stm32f4xx_hal_gpio.o
 .debug_info    0x00000000000033c3      0x98c ./Drivers/STM32F4xx_HAL_Driver/Src/stm32f4xx_hal_rcc.o

.debug_abbrev   0x0000000000000000      0xede
 .debug_abbrev  0x0000000000000000      0x265 ./Core/Src/main.o
 .debug_abbrev  0x0000000000000265       0xf0 ./Core/Src/stm32f4xx_hal_msp.o
 .debug_abbrev  0x0000000000000355       0x9f ./Core/Src/stm32f4xx_it.o
 .debug_abbrev  0x00000000000003f4      0x116 ./Core/Src/system_stm32f4xx.o
 .debug_abbrev  0x000000000000050a       0x12 ./Core/Startup/startup_stm32f401retx.o
 .debug_abbrev  0x000000000000051c      0x23e ./Drivers/STM32F4xx_HAL_Driver/Src/stm32f4xx_hal.o
 .debug_abbrev  0x000000000000075a      0x316 ./Drivers/STM32F4xx_HAL_Driver/Src/stm32f4xx_hal_cortex.o
 .debug_abbrev  0x0000000000000a70      0x1c4 ./Drivers/STM32F4xx_HAL_Driver/Src/stm32f4xx_hal_gpio.o
 .debug_abbrev  0x0000000000000c34      0x2aa ./Drivers/STM32F4xx_HAL_Driver/Src/stm32f4xx_hal_rcc.o

.debug_aranges  0x0000000000000000      0x428
 .debug_aranges
                0x0000000000000000       0x50 ./Core/Src/main.o
 .debug_aranges
                0x0000000000000050       0x20 ./Core/Src/stm32f4xx_hal_msp.o
 .debug_aranges
                0x0000000000000070       0x80 ./Core/Src/stm32f4xx_it.o
 .debug_aranges
                0x00000000000000f0       0x28 ./Core/Src/system_stm32f4xx.o
 .debug_aranges
                0x0000000000000118       0x28 ./Core/Startup/startup_stm32f401retx.o
 .debug_aranges
                0x0000000000000140       0xf0 ./Drivers/STM32F4xx_HAL_Driver/Src/stm32f4xx_hal.o
 .debug_aranges
                0x0000000000000230      0x118 ./Drivers/STM32F4xx_HAL_Driver/Src/stm32f4xx_hal_cortex.o
 .debug_aranges
                0x0000000000000348       0x58 ./Drivers/STM32F4xx_HAL_Driver/Src/stm32f4xx_hal_gpio.o
 .debug_aranges
                0x00000000000003a0       0x88 ./Drivers/STM32F4xx_HAL_Driver/Src/stm32f4xx_hal_rcc.o

.debug_ranges   0x0000000000000000      0x3a0
 .debug_ranges  0x0000000000000000       0x40 ./Core/Src/main.o
 .debug_ranges  0x0000000000000040       0x10 ./Core/Src/stm32f4xx_hal_msp.o
 .debug_ranges  0x0000000000000050       0x70 ./Core/Src/stm32f4xx_it.o
 .debug_ranges  0x00000000000000c0       0x18 ./Core/Src/system_stm32f4xx.o
 .debug_ranges  0x00000000000000d8       0x20 ./Core/Startup/startup_stm32f401retx.o
 .debug_ranges  0x00000000000000f8       0xe0 ./Drivers/STM32F4xx_HAL_Driver/Src/stm32f4xx_hal.o
 .debug_ranges  0x00000000000001d8      0x108 ./Drivers/STM32F4xx_HAL_Driver/Src/stm32f4xx_hal_cortex.o
 .debug_ranges  0x00000000000002e0       0x48 ./Drivers/STM32F4xx_HAL_Driver/Src/stm32f4xx_hal_gpio.o
 .debug_ranges  0x0000000000000328       0x78 ./Drivers/STM32F4xx_HAL_Driver/Src/stm32f4xx_hal_rcc.o

.debug_macro    0x0000000000000000    0x141fc
 .debug_macro   0x0000000000000000      0x1bf ./Core/Src/main.o
 .debug_macro   0x00000000000001bf      0xa78 ./Core/Src/main.o
 .debug_macro   0x0000000000000c37      0x28f ./Core/Src/main.o
 .debug_macro   0x0000000000000ec6       0x2e ./Core/Src/main.o
 .debug_macro   0x0000000000000ef4       0x28 ./Core/Src/main.o
 .debug_macro   0x0000000000000f1c       0x22 ./Core/Src/main.o
 .debug_macro   0x0000000000000f3e       0x8e ./Core/Src/main.o
 .debug_macro   0x0000000000000fcc       0x51 ./Core/Src/main.o
 .debug_macro   0x000000000000101d      0x103 ./Core/Src/main.o
 .debug_macro   0x0000000000001120       0x6a ./Core/Src/main.o
 .debug_macro   0x000000000000118a      0x1df ./Core/Src/main.o
 .debug_macro   0x0000000000001369       0x1c ./Core/Src/main.o
 .debug_macro   0x0000000000001385       0x22 ./Core/Src/main.o
 .debug_macro   0x00000000000013a7       0xd9 ./Core/Src/main.o
 .debug_macro   0x0000000000001480     0x102d ./Core/Src/main.o
 .debug_macro   0x00000000000024ad      0x11f ./Core/Src/main.o
 .debug_macro   0x00000000000025cc     0xb86c ./Core/Src/main.o
 .debug_macro   0x000000000000de38       0x6d ./Core/Src/main.o
 .debug_macro   0x000000000000dea5     0x367e ./Core/Src/main.o
 .debug_macro   0x0000000000011523      0x174 ./Core/Src/main.o
 .debug_macro   0x0000000000011697       0x5c ./Core/Src/main.o
 .debug_macro   0x00000000000116f3      0x416 ./Core/Src/main.o
 .debug_macro   0x0000000000011b09      0x9fe ./Core/Src/main.o
 .debug_macro   0x0000000000012507      0x115 ./Core/Src/main.o
 .debug_macro   0x000000000001261c       0xf8 ./Core/Src/main.o
 .debug_macro   0x0000000000012714       0xa5 ./Core/Src/main.o
 .debug_macro   0x00000000000127b9      0x15f ./Core/Src/main.o
 .debug_macro   0x0000000000012918      0x287 ./Core/Src/main.o
 .debug_macro   0x0000000000012b9f       0x5f ./Core/Src/main.o
 .debug_macro   0x0000000000012bfe      0x236 ./Core/Src/main.o
 .debug_macro   0x0000000000012e34      0x132 ./Core/Src/main.o
 .debug_macro   0x0000000000012f66      0x264 ./Core/Src/main.o
 .debug_macro   0x00000000000131ca       0x2e ./Core/Src/main.o
 .debug_macro   0x00000000000131f8      0x11a ./Core/Src/main.o
 .debug_macro   0x0000000000013312       0x85 ./Core/Src/main.o
 .debug_macro   0x0000000000013397       0x89 ./Core/Src/main.o
 .debug_macro   0x0000000000013420      0x126 ./Core/Src/main.o
 .debug_macro   0x0000000000013546       0x34 ./Core/Src/main.o
 .debug_macro   0x000000000001357a      0x1bf ./Core/Src/stm32f4xx_hal_msp.o
 .debug_macro   0x0000000000013739      0x1c9 ./Core/Src/stm32f4xx_it.o
 .debug_macro   0x0000000000013902      0x1b0 ./Core/Src/system_stm32f4xx.o
 .debug_macro   0x0000000000013ab2      0x210 ./Drivers/STM32F4xx_HAL_Driver/Src/stm32f4xx_hal.o
 .debug_macro   0x0000000000013cc2      0x1b0 ./Drivers/STM32F4xx_HAL_Driver/Src/stm32f4xx_hal_cortex.o
 .debug_macro   0x0000000000013e72      0x1b6 ./Drivers/STM32F4xx_HAL_Driver/Src/stm32f4xx_hal_gpio.o
 .debug_macro   0x0000000000014028      0x1d4 ./Drivers/STM32F4xx_HAL_Driver/Src/stm32f4xx_hal_rcc.o

.debug_line     0x0000000000000000     0x4c1f
 .debug_line    0x0000000000000000      0x998 ./Core/Src/main.o
 .debug_line    0x0000000000000998      0x67b ./Core/Src/stm32f4xx_hal_msp.o
 .debug_line    0x0000000000001013      0x79d ./Core/Src/stm32f4xx_it.o
 .debug_line    0x00000000000017b0      0x6fc ./Core/Src/system_stm32f4xx.o
 .debug_line    0x0000000000001eac       0x88 ./Core/Startup/startup_stm32f401retx.o
 .debug_line    0x0000000000001f34      0x962 ./Drivers/STM32F4xx_HAL_Driver/Src/stm32f4xx_hal.o
 .debug_line    0x0000000000002896      0xc11 ./Drivers/STM32F4xx_HAL_Driver/Src/stm32f4xx_hal_cortex.o
 .debug_line    0x00000000000034a7      0xa9a ./Drivers/STM32F4xx_HAL_Driver/Src/stm32f4xx_hal_gpio.o
 .debug_line    0x0000000000003f41      0xcde ./Drivers/STM32F4xx_HAL_Driver/Src/stm32f4xx_hal_rcc.o

.debug_str      0x0000000000000000    0x7e4a7
 .debug_str     0x0000000000000000    0x7d5de ./Core/Src/main.o
                                      0x7d868 (size before relaxing)
 .debug_str     0x000000000007d5de       0x49 ./Core/Src/stm32f4xx_hal_msp.o
                                      0x7d172 (size before relaxing)
 .debug_str     0x000000000007d627      0x126 ./Core/Src/stm32f4xx_it.o
                                      0x7d13a (size before relaxing)
 .debug_str     0x000000000007d74d       0xdb ./Core/Src/system_stm32f4xx.o
                                      0x7d153 (size before relaxing)
 .debug_str     0x000000000007d828       0x36 ./Core/Startup/startup_stm32f401retx.o
                                         0x7e (size before relaxing)
 .debug_str     0x000000000007d85e      0x5e4 ./Drivers/STM32F4xx_HAL_Driver/Src/stm32f4xx_hal.o
                                      0x7db75 (size before relaxing)
 .debug_str     0x000000000007de42      0x34b ./Drivers/STM32F4xx_HAL_Driver/Src/stm32f4xx_hal_cortex.o
                                      0x7d896 (size before relaxing)
 .debug_str     0x000000000007e18d       0xe7 ./Drivers/STM32F4xx_HAL_Driver/Src/stm32f4xx_hal_gpio.o
                                      0x7d2ce (size before relaxing)
 .debug_str     0x000000000007e274      0x233 ./Drivers/STM32F4xx_HAL_Driver/Src/stm32f4xx_hal_rcc.o
                                      0x7d587 (size before relaxing)

.comment        0x0000000000000000       0x50
 .comment       0x0000000000000000       0x50 ./Core/Src/main.o
                                         0x51 (size before relaxing)
 .comment       0x0000000000000050       0x51 ./Core/Src/stm32f4xx_hal_msp.o
 .comment       0x0000000000000050       0x51 ./Core/Src/stm32f4xx_it.o
 .comment       0x0000000000000050       0x51 ./Core/Src/system_stm32f4xx.o
 .comment       0x0000000000000050       0x51 ./Drivers/STM32F4xx_HAL_Driver/Src/stm32f4xx_hal.o
 .comment       0x0000000000000050       0x51 ./Drivers/STM32F4xx_HAL_Driver/Src/stm32f4xx_hal_cortex.o
 .comment       0x0000000000000050       0x51 ./Drivers/STM32F4xx_HAL_Driver/Src/stm32f4xx_hal_gpio.o
 .comment       0x0000000000000050       0x51 ./Drivers/STM32F4xx_HAL_Driver/Src/stm32f4xx_hal_rcc.o

.debug_frame    0x0000000000000000      0xef8
 .debug_frame   0x0000000000000000      0x100 ./Core/Src/main.o
 .debug_frame   0x0000000000000100       0x34 ./Core/Src/stm32f4xx_hal_msp.o
 .debug_frame   0x0000000000000134      0x174 ./Core/Src/stm32f4xx_it.o
 .debug_frame   0x00000000000002a8       0x58 ./Core/Src/system_stm32f4xx.o
 .debug_frame   0x0000000000000300      0x374 ./Drivers/STM32F4xx_HAL_Driver/Src/stm32f4xx_hal.o
 .debug_frame   0x0000000000000674      0x498 ./Drivers/STM32F4xx_HAL_Driver/Src/stm32f4xx_hal_cortex.o
 .debug_frame   0x0000000000000b0c      0x14c ./Drivers/STM32F4xx_HAL_Driver/Src/stm32f4xx_hal_gpio.o
 .debug_frame   0x0000000000000c58      0x1f4 ./Drivers/STM32F4xx_HAL_Driver/Src/stm32f4xx_hal_rcc.o
 .debug_frame   0x0000000000000e4c       0x2c c:/st/stm32cubeide_1.10.1/stm32cubeide/plugins/com.st.stm32cube.ide.mcu.externaltools.gnu-tools-for-stm32.10.3-2021.10.win32_1.0.200.202301161003/tools/bin/../lib/gcc/arm-none-eabi/10.3.1/../../../../arm-none-eabi/lib/thumb/v7e-m+fp/hard\libc_nano.a(lib_a-init.o)
 .debug_frame   0x0000000000000e78       0x20 c:/st/stm32cubeide_1.10.1/stm32cubeide/plugins/com.st.stm32cube.ide.mcu.externaltools.gnu-tools-for-stm32.10.3-2021.10.win32_1.0.200.202301161003/tools/bin/../lib/gcc/arm-none-eabi/10.3.1/../../../../arm-none-eabi/lib/thumb/v7e-m+fp/hard\libc_nano.a(lib_a-memset.o)
 .debug_frame   0x0000000000000e98       0x2c c:/st/stm32cubeide_1.10.1/stm32cubeide/plugins/com.st.stm32cube.ide.mcu.externaltools.gnu-tools-for-stm32.10.3-2021.10.win32_1.0.200.202301161003/tools/bin/../lib/gcc/arm-none-eabi/10.3.1/thumb/v7e-m+fp/hard\libgcc.a(_aeabi_uldivmod.o)
 .debug_frame   0x0000000000000ec4       0x34 c:/st/stm32cubeide_1.10.1/stm32cubeide/plugins/com.st.stm32cube.ide.mcu.externaltools.gnu-tools-for-stm32.10.3-2021.10.win32_1.0.200.202301161003/tools/bin/../lib/gcc/arm-none-eabi/10.3.1/thumb/v7e-m+fp/hard\libgcc.a(_udivmoddi4.o)
